Executing action: monitor
Serial port /dev/ttyUSB0:
Connecting....
Detecting chip type... ESP32-H2
Running idf_monitor in directory /home/matthias/Entwicklung/esp32-h2-examples/power_management
Executing "/home/matthias/.espressif/tools/python/v6.0.2/venv/bin/python /home/matthias/.espressif/v6.0.2/esp-idf/tools/idf_monitor.py -p /dev/ttyUSB0 -b 115200 --toolchain-prefix riscv32-esp-elf- --target esp32h2 --revision 0 --decode-panic backtrace /home/matthias/Entwicklung/esp32-h2-examples/power_management/build/power_management_example.elf /home/matthias/Entwicklung/esp32-h2-examples/power_management/build/bootloader/bootloader.elf -m '/home/matthias/.espressif/tools/python/v6.0.2/venv/bin/python' '/home/matthias/.espressif/v6.0.2/esp-idf/tools/idf.py'"...
--- esp-idf-monitor 1.9.0 on /dev/ttyUSB0 115200
--- Quit: Ctrl+] | Menu: Ctrl+T | Help: Ctrl+T followed by Ctrl+H
ESP-ROM:esp32h2-eco5-20240613
Build:Jun 13 2024
rst:0x1 (POWERON),boot:0xc (SPI_FAST_FLASH_BOOT)
SPIWP:0xee
mode:DIO, clock div:1
load:0x408460f0,len:0x16ac
load:0x4083c2d0,len:0xec8
--- 0x4083c2d0: esp_bootloader_get_description at /home/matthias/.espressif/v6.0.2/esp-idf/components/esp_bootloader_format/esp_bootloader_desc.c:40
load:0x4083efd0,len:0x2fa4
--- 0x4083efd0: is_xmc_chip_strict at /home/matthias/.espressif/v6.0.2/esp-idf/components/bootloader_support/bootloader_flash/src/bootloader_flash.c:925
entry 0x4083c2da
--- 0x4083c2da: call_start_cpu0 at /home/matthias/.espressif/v6.0.2/esp-idf/components/bootloader/subproject/main/bootloader_start.c:27
I (23) boot: ESP-IDF v6.0.2 2nd stage bootloader
I (24) boot: compile time Aug 19 2026 17:22:06
I (25) boot: chip revision: v1.2
I (25) boot: efuse block revision: v0.3
I (27) boot.esp32h2: SPI Speed      : 64MHz
I (31) boot.esp32h2: SPI Mode       : DIO
I (35) boot.esp32h2: SPI Flash Size : 2MB
I (39) boot: Enabling RNG early entropy source...
I (43) boot: Partition Table:
I (46) boot: ## Label            Usage          Type ST Offset   Length
I (52) boot:  0 nvs              WiFi data        01 02 00009000 00006000
I (59) boot:  1 phy_init         RF data          01 01 0000f000 00001000
I (65) boot:  2 factory          factory app      00 00 00010000 00100000
I (72) boot: End of partition table
I (75) esp_image: segment 0: paddr=00010020 vaddr=42018020 size=07884h ( 30852) map
I (91) esp_image: segment 1: paddr=000178ac vaddr=40800000 size=0076ch (  1900) load
I (93) esp_image: segment 2: paddr=00018020 vaddr=42000020 size=12ae0h ( 76512) map
I (118) esp_image: segment 3: paddr=0002ab08 vaddr=4080076c size=09df8h ( 40440) load
I (132) esp_image: segment 4: paddr=00034908 vaddr=4080a570 size=018fch (  6396) load
I (135) esp_image: segment 5: paddr=0003620c vaddr=50000000 size=00078h (   120) load
I (139) boot: Loaded app from partition at offset 0x10000
I (141) boot: Disabling RNG early entropy source...
I (157) cpu_start: Unicore app
I (166) cpu_start: GPIO 23 and 24 are used as console UART I/O pins
I (166) cpu_start: Pro cpu start user code
I (167) cpu_start: cpu freq: 96000000 Hz
I (168) app_init: Application information:
I (172) app_init: Project name:     power_management_example
I (177) app_init: App version:      1b4988c-dirty
I (182) app_init: Compile time:     Aug 19 2026 17:40:59
I (187) app_init: ELF file SHA256:  0043cd909...
I (191) app_init: ESP-IDF:          v6.0.2
I (195) efuse_init: Min chip rev:     v0.0
I (199) efuse_init: Max chip rev:     v1.99 
I (203) efuse_init: Chip rev:         v1.2
I (207) heap_init: Initializing. RAM available for dynamic allocation:
I (213) heap_init: At 4080D050 len 00040330 (256 KiB): RAM
I (218) heap_init: At 4084D380 len 00002B60 (10 KiB): RAM
I (223) heap_init: At 50000078 len 00000F70 (3 KiB): RTCRAM
I (229) spi_flash: detected chip: gd
I (232) spi_flash: flash io: dio
W (235) spi_flash: Detected size(4096k) larger than the size in the binary image header(2048k). Using the size in the binary image header.
I (248) sleep_gpio: Configure to isolate all GPIO pins in sleep state
I (253) sleep_gpio: Enable automatic switching of GPIO sleep configuration
I (272) main_task: Started on CPU0
I (273) main_task: Calling app_main()

=== Power Management Example (nested locks, single task) ===
I (273) pm: Frequency switching config: CPU_MAX: 48, APB_MAX: 32, APB_MIN: 16, Light sleep: ENABLED
PM configured: max=48 min=16 MHz, light_sleep_enable=1
I (287) main_task: Returned from app_main()

--- PM: max_freq=48 min_freq=16 MHz, light_sleep=1 ---
Time since boot up: 10058378 us
Lock stats:
Name            Type            Arg    Active    Total_count    Time(us)        Time(%) 
demo_cpu        CPU_FREQ_MAX    0      0         10             1999807         20 %
demo_apb        APB_FREQ_MAX    0      0         10             3999616         40 %
demo_no_ls      NO_LIGHT_SLEEP  0      1         11             6003692         60 %
rtos0           CPU_FREQ_MAX    0      1         6028           315106          4  %

Mode stats:
Mode      CPU_freq    Time(us)    Time(%)   
SLEEP     16 M        3990875     39%
APB_MIN   16 M        1876788     18%
APB_MAX   32 M        1900514     18%
CPU_MAX   48 M        2283312     22%

Sleep stats:
light_sleep_counts:10  light_sleep_reject_counts:0
