Executing action: monitor
Serial port /dev/ttyUSB0:
Connecting....
Detecting chip type... ESP32-H2
Running idf_monitor in directory /home/matthias/Entwicklung/navlico
Executing "/home/matthias/.espressif/tools/python/v6.0.2/venv/bin/python /home/matthias/.espressif/v6.0.2/esp-idf/tools/idf_monitor.py -p /dev/ttyUSB0 -b 115200 --toolchain-prefix riscv32-esp-elf- --target esp32h2 --revision 0 --decode-panic backtrace /home/matthias/Entwicklung/navlico/build/navlico.elf /home/matthias/Entwicklung/navlico/build/bootloader/bootloader.elf -m '/home/matthias/.espressif/tools/python/v6.0.2/venv/bin/python' '/home/matthias/.espressif/v6.0.2/esp-idf/tools/idf.py'"...
--- esp-idf-monitor 1.9.0 on /dev/ttyUSB0 115200
--- Quit: Ctrl+] | Menu: Ctrl+T | Help: Ctrl+T followed by Ctrl+H
ESP-ROM:esp32h2-eco5-20240613
Build:Jun 13 2024
rst:0x1 (POWERON),boot:0xc (SPI_FAST_FLASH_BOOT)
SPIWP:0xee
mode:DIO, clock div:1
load:0x408460f0,len:0x1758
load:0x4083c2d0,len:0xff0
--- 0x4083c2d0: esp_bootloader_get_description at /home/matthias/.espressif/v6.0.2/esp-idf/components/esp_bootloader_format/esp_bootloader_desc.c:38
load:0x4083efd0,len:0x3714
--- 0x4083efd0: is_xmc_chip_strict at /home/matthias/.espressif/v6.0.2/esp-idf/components/bootloader_support/bootloader_flash/src/bootloader_flash.c:920
entry 0x4083c2e8
--- 0x4083c2e8: call_start_cpu0 at /home/matthias/.espressif/v6.0.2/esp-idf/components/bootloader/subproject/main/bootloader_start.c:27
I (23) boot: ESP-IDF v6.0.2 2nd stage bootloader
I (24) boot: compile time Aug 19 2026 17:06:36
I (25) boot: chip revision: v1.2
I (25) boot: efuse block revision: v0.3
I (27) boot.esp32h2: SPI Speed      : 64MHz
I (31) boot.esp32h2: SPI Mode       : DIO
I (35) boot.esp32h2: SPI Flash Size : 4MB
I (39) boot: Enabling RNG early entropy source...
I (43) boot: Partition Table:
I (46) boot: ## Label            Usage          Type ST Offset   Length
I (52) boot:  0 nvs              WiFi data        01 02 00009000 00006000
I (59) boot:  1 phy_init         RF data          01 01 0000f000 00001000
I (65) boot:  2 factory          factory app      00 00 00010000 00100000
I (72) boot: End of partition table
I (75) esp_image: segment 0: paddr=00010020 vaddr=42020020 size=0866ch ( 34412) map
I (92) esp_image: segment 1: paddr=00018694 vaddr=40800000 size=07984h ( 31108) load
I (103) esp_image: segment 2: paddr=00020020 vaddr=42000020 size=148d8h ( 84184) map
I (128) esp_image: segment 3: paddr=00034900 vaddr=40807984 size=05b68h ( 23400) load
I (136) esp_image: segment 4: paddr=0003a470 vaddr=4080d4f0 size=01d04h (  7428) load
I (140) esp_image: segment 5: paddr=0003c17c vaddr=50000000 size=000e4h (   228) load
I (145) boot: Loaded app from partition at offset 0x10000
I (145) boot: Disabling RNG early entropy source...
I (162) cpu_start: Unicore app
I (170) cpu_start: GPIO 23 and 24 are used as console UART I/O pins
I (171) cpu_start: Pro cpu start user code
I (172) cpu_start: cpu freq: 48000000 Hz
I (173) app_init: Application information:
I (176) app_init: Project name:     navlico
I (180) app_init: App version:      b9a298e-dirty
I (185) app_init: Compile time:     Aug 19 2026 17:48:10
I (190) app_init: ELF file SHA256:  3dcca4a8b...
I (194) app_init: ESP-IDF:          v6.0.2
I (198) efuse_init: Min chip rev:     v0.0
I (202) efuse_init: Max chip rev:     v1.99 
I (206) efuse_init: Chip rev:         v1.2
I (210) heap_init: Initializing. RAM available for dynamic allocation:
I (216) heap_init: At 408103B0 len 0003CFD0 (243 KiB): RAM
I (221) heap_init: At 4084D380 len 00002B60 (10 KiB): RAM
I (226) heap_init: At 500000E4 len 00000EF4 (3 KiB): RTCRAM
I (232) spi_flash: detected chip: gd
I (235) spi_flash: flash io: dio
I (239) sleep_gpio: Configure to isolate all GPIO pins in sleep state
I (244) sleep_gpio: Enable automatic switching of GPIO sleep configuration
I (263) main_task: Started on CPU0
I (263) main_task: Calling app_main()
I (263) navlico: Enabling DFS with 16 MHz as minimum frequency
I (263) pm: Frequency switching config: CPU_MAX: 48, APB_MAX: 24, APB_MIN: 16, Light sleep: ENABLED

assert failed: esp_pm_configure pm_impl.c:507 (res)
--- Stack dump detected
Core  0 register dump:
MEPC    : 0x408093f8  RA      : 0x4080935a  SP      : 0x408130b0  GP      : 0x4080dcf4  
--- 0x408093f8: panic_abort at /home/matthias/.espressif/v6.0.2/esp-idf/components/esp_system/panic.c:473
--- 0x4080935a: esp_vApplicationIdleHook at /home/matthias/.espressif/v6.0.2/esp-idf/components/esp_system/freertos_hooks.c:42
TP      : 0x408132b0  T0      : 0x37363534  T1      : 0x7271706f  T2      : 0x33323130  
S0/FP   : 0x408130c0  S1      : 0x00000094  A0      : 0x408130fc  A1      : 0x4080ed3d  
A2      : 0x00000001  A3      : 0x4081312f  A4      : 0x00000001  A5      : 0x40810000  
A6      : 0x00000008  A7      : 0x76757473  S2      : 0x00000001  S3      : 0x00000009  
S4      : 0x40813203  S5      : 0x4080ed3c  S6      : 0x00000000  S7      : 0x00000000  
S8      : 0x00000000  S9      : 0x00000000  S10     : 0x00000000  S11     : 0x00000000  
T3      : 0x6e6d6c6b  T4      : 0x6a696867  T5      : 0x66656463  T6      : 0x62613938  
MSTATUS : 0x00001881  MTVEC   : 0x40800001  MCAUSE  : 0x00000002  MTVAL   : 0x00000000  
--- 0x40800001: _vector_table at /home/matthias/.espressif/v6.0.2/esp-idf/components/riscv/vectors_intc.S:54
MHARTID : 0x00000000  
Backtrace: 0x408093f8:0x408130b0 0x4080935a:0x408130d0 0x408089e4:0x408131f0 0x42011b30:0x40813230 0x4200959e:0x40813250 0x42009ec6:0x40813260 0x420088a6:0x40813280 0x420126bc:0x40813290 0x00000000:0x00000000
--- 0x408093f8: panic_abort at /home/matthias/.espressif/v6.0.2/esp-idf/components/esp_system/panic.c:473
--- 0x4080935a: esp_vApplicationIdleHook at /home/matthias/.espressif/v6.0.2/esp-idf/components/esp_system/freertos_hooks.c:42
--- 0x408089e4: esp_libc_include_assert_impl at /home/matthias/.espressif/v6.0.2/esp-idf/components/esp_libc/src/assert.c:96
--- 0x42011b30: esp_pm_configure at /home/matthias/.espressif/v6.0.2/esp-idf/components/esp_pm/pm_impl.c:509
--- 0x4200959e: setup_power_management at /home/matthias/Entwicklung/navlico/main/navlico_main.c:85
--- 0x42009ec6: app_main at /home/matthias/Entwicklung/navlico/main/navlico_main.c:403
--- 0x420088a6: main_task at /home/matthias/.espressif/v6.0.2/esp-idf/components/freertos/app_startup.c:207
--- 0x420126bc: vPortTaskWrapper at /home/matthias/.espressif/v6.0.2/esp-idf/components/freertos/FreeRTOS-Kernel/portable/riscv/port.c:264



ELF file SHA256: 3dcca4a8b

Rebooting...
